// Jest Snapshot v1, https://goo.gl/fbAQLP

exports[`<Button /> should render an input 1`] = `
<input
  className="button"
  disabled={true}
  onClick={[Function]}
  type="button"
/>
`;
